// Jest Snapshot v1, https://goo.gl/fbAQLP

exports[`Card 1`] = `
<div>
  <div
    class="card"
  >
    <div
      class="card-body"
    >
      <p
        class="card-text"
      >
        title
      </p>
      <div
        class="card-title h5"
      >
        desc
      </div>
      <a
        class="btn btn-secondary"
        href="#some-page"
      >
        Learn
      </a>
    </div>
  </div>
</div>
`;
