// Jest Snapshot v1, https://goo.gl/fbAQLP

exports[`Consonants 1`] = `
<div>
  <div
    class="block-2"
  >
    <div
      class="article"
    >
      <h3
        class="h3-title"
      >
        Consonants
      </h3>
      <div>
        Consonants have 24 blocked sounds. In the 
        <div
          class="text-inline bottom-dot"
        >
          IPA
        </div>
         chart, consonants are arranged completely differently from the English alphabet.
      </div>
      <div>
        Phonemes like /p/ and /b/ are next to each other because the lips and the tongue move the same way when producing these sounds. The only difference is the phoneme on the left is unvoiced (no vibration on the throat) and the phoneme on the right is voiced (there is vibration on the throat).
      </div>
      <table>
        <thead>
          <tr>
            <th>
              <div
                class="text-center"
              >
                Phonemes
              </div>
            </th>
            <th
              class="text-center"
            >
              <div
                class="text-center"
              >
                Grapheme
              </div>
            </th>
            <th
              class="text-center"
            >
              Examples
            </th>
          </tr>
        </thead>
        <tbody>
          <tr>
            <td>
              <svg
                class="play-icon"
                fill="currentColor"
                height="1em"
                stroke="currentColor"
                stroke-width="0"
                viewBox="0 0 20 20"
                width="1em"
                xmlns="http://www.w3.org/2000/svg"
              >
                <path
                  clip-rule="evenodd"
                  d="M10 18a8 8 0 100-16 8 8 0 000 16zM9.555 7.168A1 1 0 008 8v4a1 1 0 001.555.832l3-2a1 1 0 000-1.664l-3-2z"
                  fill-rule="evenodd"
                />
              </svg>
              /p/
            </td>
            <td>
              p, pp
            </td>
            <td>
              <svg
                class="play-icon"
                fill="currentColor"
                height="1em"
                stroke="currentColor"
                stroke-width="0"
                viewBox="0 0 20 20"
                width="1em"
                xmlns="http://www.w3.org/2000/svg"
              >
                <path
                  clip-rule="evenodd"
                  d="M10 18a8 8 0 100-16 8 8 0 000 16zM9.555 7.168A1 1 0 008 8v4a1 1 0 001.555.832l3-2a1 1 0 000-1.664l-3-2z"
                  fill-rule="evenodd"
                />
              </svg>
              <div
                class="text-inline"
              >
                <div
                  class="text-inline nowrap"
                >
                  <u>
                    p
                  </u>
                  en
                </div>
                ,
                 
              </div>
              <div
                class="text-inline"
              >
                <div
                  class="text-inline nowrap"
                >
                  u
                  <u>
                    pp
                  </u>
                  er
                </div>
                ,
                 
              </div>
              <div
                class="text-inline"
              >
                <div
                  class="text-inline nowrap"
                >
                  pu
                  <u>
                    pp
                  </u>
                  y
                </div>
                ,
                 
              </div>
              <div
                class="text-inline"
              >
                <div
                  class="text-inline nowrap"
                >
                  gra
                  <u>
                    p
                  </u>
                  e
                </div>
                ,
                 
              </div>
              <div
                class="text-inline nowrap"
              >
                ha
                <u>
                  pp
                </u>
                y
              </div>
            </td>
          </tr>
          <tr>
            <td>
              <svg
                class="play-icon"
                fill="currentColor"
                height="1em"
                stroke="currentColor"
                stroke-width="0"
                viewBox="0 0 20 20"
                width="1em"
                xmlns="http://www.w3.org/2000/svg"
              >
                <path
                  clip-rule="evenodd"
                  d="M10 18a8 8 0 100-16 8 8 0 000 16zM9.555 7.168A1 1 0 008 8v4a1 1 0 001.555.832l3-2a1 1 0 000-1.664l-3-2z"
                  fill-rule="evenodd"
                />
              </svg>
              /b/
            </td>
            <td>
              b, bb
            </td>
            <td>
              <svg
                class="play-icon"
                fill="currentColor"
                height="1em"
                stroke="currentColor"
                stroke-width="0"
                viewBox="0 0 20 20"
                width="1em"
                xmlns="http://www.w3.org/2000/svg"
              >
                <path
                  clip-rule="evenodd"
                  d="M10 18a8 8 0 100-16 8 8 0 000 16zM9.555 7.168A1 1 0 008 8v4a1 1 0 001.555.832l3-2a1 1 0 000-1.664l-3-2z"
                  fill-rule="evenodd"
                />
              </svg>
              <div
                class="text-inline"
              >
                <div
                  class="text-inline nowrap"
                >
                  <u>
                    b
                  </u>
                  ig
                </div>
                ,
                 
              </div>
              <div
                class="text-inline"
              >
                <div
                  class="text-inline nowrap"
                >
                  ho
                  <u>
                    bb
                  </u>
                  y
                </div>
                ,
                 
              </div>
              <div
                class="text-inline"
              >
                <div
                  class="text-inline nowrap"
                >
                  <u>
                    b
                  </u>
                  ee
                </div>
                ,
                 
              </div>
              <div
                class="text-inline"
              >
                <div
                  class="text-inline nowrap"
                >
                  li
                  <u>
                    b
                  </u>
                  rary
                </div>
                ,
                 
              </div>
              <div
                class="text-inline nowrap"
              >
                ca
                <u>
                  b
                </u>
              </div>
            </td>
          </tr>
          <tr>
            <td>
              <svg
                class="play-icon"
                fill="currentColor"
                height="1em"
                stroke="currentColor"
                stroke-width="0"
                viewBox="0 0 20 20"
                width="1em"
                xmlns="http://www.w3.org/2000/svg"
              >
                <path
                  clip-rule="evenodd"
                  d="M10 18a8 8 0 100-16 8 8 0 000 16zM9.555 7.168A1 1 0 008 8v4a1 1 0 001.555.832l3-2a1 1 0 000-1.664l-3-2z"
                  fill-rule="evenodd"
                />
              </svg>
              /t/
            </td>
            <td>
              t, tt, bt, ght, ed
            </td>
            <td>
              <svg
                class="play-icon"
                fill="currentColor"
                height="1em"
                stroke="currentColor"
                stroke-width="0"
                viewBox="0 0 20 20"
                width="1em"
                xmlns="http://www.w3.org/2000/svg"
              >
                <path
                  clip-rule="evenodd"
                  d="M10 18a8 8 0 100-16 8 8 0 000 16zM9.555 7.168A1 1 0 008 8v4a1 1 0 001.555.832l3-2a1 1 0 000-1.664l-3-2z"
                  fill-rule="evenodd"
                />
              </svg>
              <div
                class="text-inline"
              >
                <div
                  class="text-inline nowrap"
                >
                  <u>
                    t
                  </u>
                  est
                </div>
                ,
                 
              </div>
              <div
                class="text-inline"
              >
                <div
                  class="text-inline nowrap"
                >
                  ki
                  <u>
                    tt
                  </u>
                  en
                </div>
                ,
                 
              </div>
              <div
                class="text-inline"
              >
                <div
                  class="text-inline nowrap"
                >
                  dou
                  <u>
                    bt
                  </u>
                </div>
                ,
                 
              </div>
              <div
                class="text-inline"
              >
                <div
                  class="text-inline nowrap"
                >
                  l
                  <u>
                    ight
                  </u>
                </div>
                ,
                 
              </div>
              <div
                class="text-inline nowrap"
              >
                work
                <u>
                  ed
                </u>
              </div>
            </td>
          </tr>
          <tr>
            <td>
              <svg
                class="play-icon"
                fill="currentColor"
                height="1em"
                stroke="currentColor"
                stroke-width="0"
                viewBox="0 0 20 20"
                width="1em"
                xmlns="http://www.w3.org/2000/svg"
              >
                <path
                  clip-rule="evenodd"
                  d="M10 18a8 8 0 100-16 8 8 0 000 16zM9.555 7.168A1 1 0 008 8v4a1 1 0 001.555.832l3-2a1 1 0 000-1.664l-3-2z"
                  fill-rule="evenodd"
                />
              </svg>
              /d/
            </td>
            <td>
              d, dd, de, ld
            </td>
            <td>
              <svg
                class="play-icon"
                fill="currentColor"
                height="1em"
                stroke="currentColor"
                stroke-width="0"
                viewBox="0 0 20 20"
                width="1em"
                xmlns="http://www.w3.org/2000/svg"
              >
                <path
                  clip-rule="evenodd"
                  d="M10 18a8 8 0 100-16 8 8 0 000 16zM9.555 7.168A1 1 0 008 8v4a1 1 0 001.555.832l3-2a1 1 0 000-1.664l-3-2z"
                  fill-rule="evenodd"
                />
              </svg>
              <div
                class="text-inline"
              >
                <div
                  class="text-inline nowrap"
                >
                  <u>
                    d
                  </u>
                  aughter
                </div>
                ,
                 
              </div>
              <div
                class="text-inline"
              >
                <div
                  class="text-inline nowrap"
                >
                  a
                  <u>
                    dd
                  </u>
                </div>
                ,
                 
              </div>
              <div
                class="text-inline"
              >
                <div
                  class="text-inline nowrap"
                >
                  br
                  <u>
                    ide
                  </u>
                </div>
                ,
                 
              </div>
              <div
                class="text-inline"
              >
                <div
                  class="text-inline nowrap"
                >
                  wou
                  <u>
                    ld
                  </u>
                </div>
                ,
                 
              </div>
              <div
                class="text-inline nowrap"
              >
                be
                <u>
                  d
                </u>
              </div>
            </td>
          </tr>
          <tr>
            <td>
              <svg
                class="play-icon"
                fill="currentColor"
                height="1em"
                stroke="currentColor"
                stroke-width="0"
                viewBox="0 0 20 20"
                width="1em"
                xmlns="http://www.w3.org/2000/svg"
              >
                <path
                  clip-rule="evenodd"
                  d="M10 18a8 8 0 100-16 8 8 0 000 16zM9.555 7.168A1 1 0 008 8v4a1 1 0 001.555.832l3-2a1 1 0 000-1.664l-3-2z"
                  fill-rule="evenodd"
                />
              </svg>
              /tʃ/
            </td>
            <td>
              ch, c,  tch, t+ure, t+ion
            </td>
            <td>
              <svg
                class="play-icon"
                fill="currentColor"
                height="1em"
                stroke="currentColor"
                stroke-width="0"
                viewBox="0 0 20 20"
                width="1em"
                xmlns="http://www.w3.org/2000/svg"
              >
                <path
                  clip-rule="evenodd"
                  d="M10 18a8 8 0 100-16 8 8 0 000 16zM9.555 7.168A1 1 0 008 8v4a1 1 0 001.555.832l3-2a1 1 0 000-1.664l-3-2z"
                  fill-rule="evenodd"
                />
              </svg>
              <div
                class="text-inline"
              >
                <div
                  class="text-inline nowrap"
                >
                  <u>
                    ch
                  </u>
                  ur
                  <u>
                    ch
                  </u>
                </div>
                ,
                 
              </div>
              <div
                class="text-inline"
              >
                <div
                  class="text-inline nowrap"
                >
                  <u>
                    c
                  </u>
                  ello
                </div>
                ,
                 
              </div>
              <div
                class="text-inline"
              >
                <div
                  class="text-inline nowrap"
                >
                  bea
                  <u>
                    ch
                  </u>
                </div>
                ,
                 
              </div>
              <div
                class="text-inline"
              >
                <div
                  class="text-inline nowrap"
                >
                  ma
                  <u>
                    ture
                  </u>
                </div>
                ,
                 
              </div>
              <div
                class="text-inline nowrap"
              >
                ques
                <u>
                  tion
                </u>
              </div>
            </td>
          </tr>
          <tr>
            <td>
              <svg
                class="play-icon"
                fill="currentColor"
                height="1em"
                stroke="currentColor"
                stroke-width="0"
                viewBox="0 0 20 20"
                width="1em"
                xmlns="http://www.w3.org/2000/svg"
              >
                <path
                  clip-rule="evenodd"
                  d="M10 18a8 8 0 100-16 8 8 0 000 16zM9.555 7.168A1 1 0 008 8v4a1 1 0 001.555.832l3-2a1 1 0 000-1.664l-3-2z"
                  fill-rule="evenodd"
                />
              </svg>
              /dʒ/
            </td>
            <td>
              g, j, ge, dge, gg
            </td>
            <td>
              <svg
                class="play-icon"
                fill="currentColor"
                height="1em"
                stroke="currentColor"
                stroke-width="0"
                viewBox="0 0 20 20"
                width="1em"
                xmlns="http://www.w3.org/2000/svg"
              >
                <path
                  clip-rule="evenodd"
                  d="M10 18a8 8 0 100-16 8 8 0 000 16zM9.555 7.168A1 1 0 008 8v4a1 1 0 001.555.832l3-2a1 1 0 000-1.664l-3-2z"
                  fill-rule="evenodd"
                />
              </svg>
              <div
                class="text-inline"
              >
                <div
                  class="text-inline nowrap"
                >
                  ca
                  <u>
                    ge
                  </u>
                </div>
                ,
                 
              </div>
              <div
                class="text-inline"
              >
                <div
                  class="text-inline nowrap"
                >
                  <u>
                    j
                  </u>
                  am
                </div>
                ,
                 
              </div>
              <div
                class="text-inline"
              >
                <div
                  class="text-inline nowrap"
                >
                   ju
                  <u>
                    dge
                  </u>
                </div>
                ,
                 
              </div>
              <div
                class="text-inline"
              >
                <div
                  class="text-inline nowrap"
                >
                  su
                  <u>
                    gg
                  </u>
                  est
                </div>
                ,
                 
              </div>
              <div
                class="text-inline nowrap"
              >
                 e
                <u>
                  dge
                </u>
              </div>
            </td>
          </tr>
          <tr>
            <td>
              <svg
                class="play-icon"
                fill="currentColor"
                height="1em"
                stroke="currentColor"
                stroke-width="0"
                viewBox="0 0 20 20"
                width="1em"
                xmlns="http://www.w3.org/2000/svg"
              >
                <path
                  clip-rule="evenodd"
                  d="M10 18a8 8 0 100-16 8 8 0 000 16zM9.555 7.168A1 1 0 008 8v4a1 1 0 001.555.832l3-2a1 1 0 000-1.664l-3-2z"
                  fill-rule="evenodd"
                />
              </svg>
              /k/
            </td>
            <td>
              c, k,  ck, ch, que, q, cc
            </td>
            <td>
              <svg
                class="play-icon"
                fill="currentColor"
                height="1em"
                stroke="currentColor"
                stroke-width="0"
                viewBox="0 0 20 20"
                width="1em"
                xmlns="http://www.w3.org/2000/svg"
              >
                <path
                  clip-rule="evenodd"
                  d="M10 18a8 8 0 100-16 8 8 0 000 16zM9.555 7.168A1 1 0 008 8v4a1 1 0 001.555.832l3-2a1 1 0 000-1.664l-3-2z"
                  fill-rule="evenodd"
                />
              </svg>
              <div
                class="text-inline"
              >
                <div
                  class="text-inline nowrap"
                >
                  <u>
                    c
                  </u>
                  ause
                </div>
                ,
                 
              </div>
              <div
                class="text-inline"
              >
                <div
                  class="text-inline nowrap"
                >
                  <u>
                    k
                  </u>
                  ing
                </div>
                ,
                 
              </div>
              <div
                class="text-inline"
              >
                <div
                  class="text-inline nowrap"
                >
                   la
                  <u>
                    ck
                  </u>
                </div>
                ,
                 
              </div>
              <div
                class="text-inline"
              >
                <div
                  class="text-inline nowrap"
                >
                   a
                  <u>
                    ch
                  </u>
                  e
                </div>
                ,
                 
              </div>
              <div
                class="text-inline nowrap"
              >
                <u>
                  que
                </u>
                st
              </div>
            </td>
          </tr>
          <tr>
            <td>
              <svg
                class="play-icon"
                fill="currentColor"
                height="1em"
                stroke="currentColor"
                stroke-width="0"
                viewBox="0 0 20 20"
                width="1em"
                xmlns="http://www.w3.org/2000/svg"
              >
                <path
                  clip-rule="evenodd"
                  d="M10 18a8 8 0 100-16 8 8 0 000 16zM9.555 7.168A1 1 0 008 8v4a1 1 0 001.555.832l3-2a1 1 0 000-1.664l-3-2z"
                  fill-rule="evenodd"
                />
              </svg>
              /g/
            </td>
            <td>
              g, gg, gu, gue, gh
            </td>
            <td>
              <svg
                class="play-icon"
                fill="currentColor"
                height="1em"
                stroke="currentColor"
                stroke-width="0"
                viewBox="0 0 20 20"
                width="1em"
                xmlns="http://www.w3.org/2000/svg"
              >
                <path
                  clip-rule="evenodd"
                  d="M10 18a8 8 0 100-16 8 8 0 000 16zM9.555 7.168A1 1 0 008 8v4a1 1 0 001.555.832l3-2a1 1 0 000-1.664l-3-2z"
                  fill-rule="evenodd"
                />
              </svg>
              <div
                class="text-inline"
              >
                <div
                  class="text-inline nowrap"
                >
                  hu
                  <u>
                    g
                  </u>
                </div>
                ,
                 
              </div>
              <div
                class="text-inline"
              >
                <div
                  class="text-inline nowrap"
                >
                  bi
                  <u>
                    gge
                  </u>
                  r
                </div>
                ,
                 
              </div>
              <div
                class="text-inline"
              >
                <div
                  class="text-inline nowrap"
                >
                  <u>
                    gue
                  </u>
                  st
                </div>
                ,
                 
              </div>
              <div
                class="text-inline"
              >
                <div
                  class="text-inline nowrap"
                >
                  <u>
                    gh
                  </u>
                  ost
                </div>
                ,
                 
              </div>
              <div
                class="text-inline nowrap"
              >
                va
                <u>
                  gue
                </u>
              </div>
            </td>
          </tr>
          <tr>
            <td>
              <svg
                class="play-icon"
                fill="currentColor"
                height="1em"
                stroke="currentColor"
                stroke-width="0"
                viewBox="0 0 20 20"
                width="1em"
                xmlns="http://www.w3.org/2000/svg"
              >
                <path
                  clip-rule="evenodd"
                  d="M10 18a8 8 0 100-16 8 8 0 000 16zM9.555 7.168A1 1 0 008 8v4a1 1 0 001.555.832l3-2a1 1 0 000-1.664l-3-2z"
                  fill-rule="evenodd"
                />
              </svg>
              /f/
            </td>
            <td>
              f, ff, ph, lf, fe
            </td>
            <td>
              <svg
                class="play-icon"
                fill="currentColor"
                height="1em"
                stroke="currentColor"
                stroke-width="0"
                viewBox="0 0 20 20"
                width="1em"
                xmlns="http://www.w3.org/2000/svg"
              >
                <path
                  clip-rule="evenodd"
                  d="M10 18a8 8 0 100-16 8 8 0 000 16zM9.555 7.168A1 1 0 008 8v4a1 1 0 001.555.832l3-2a1 1 0 000-1.664l-3-2z"
                  fill-rule="evenodd"
                />
              </svg>
              <div
                class="text-inline"
              >
                <div
                  class="text-inline nowrap"
                >
                  <u>
                    f
                  </u>
                  lower
                </div>
                ,
                 
              </div>
              <div
                class="text-inline"
              >
                <div
                  class="text-inline nowrap"
                >
                  o
                  <u>
                    ff
                  </u>
                  er
                </div>
                ,
                 
              </div>
              <div
                class="text-inline"
              >
                <div
                  class="text-inline nowrap"
                >
                  gra
                  <u>
                    ph
                  </u>
                </div>
                ,
                 
              </div>
              <div
                class="text-inline"
              >
                <div
                  class="text-inline nowrap"
                >
                  ha
                  <u>
                    lf
                  </u>
                </div>
                ,
                 
              </div>
              <div
                class="text-inline nowrap"
              >
                gira
                <u>
                  ffe
                </u>
              </div>
            </td>
          </tr>
          <tr>
            <td>
              <svg
                class="play-icon"
                fill="currentColor"
                height="1em"
                stroke="currentColor"
                stroke-width="0"
                viewBox="0 0 20 20"
                width="1em"
                xmlns="http://www.w3.org/2000/svg"
              >
                <path
                  clip-rule="evenodd"
                  d="M10 18a8 8 0 100-16 8 8 0 000 16zM9.555 7.168A1 1 0 008 8v4a1 1 0 001.555.832l3-2a1 1 0 000-1.664l-3-2z"
                  fill-rule="evenodd"
                />
              </svg>
              /v/
            </td>
            <td>
              v, ve
            </td>
            <td>
              <svg
                class="play-icon"
                fill="currentColor"
                height="1em"
                stroke="currentColor"
                stroke-width="0"
                viewBox="0 0 20 20"
                width="1em"
                xmlns="http://www.w3.org/2000/svg"
              >
                <path
                  clip-rule="evenodd"
                  d="M10 18a8 8 0 100-16 8 8 0 000 16zM9.555 7.168A1 1 0 008 8v4a1 1 0 001.555.832l3-2a1 1 0 000-1.664l-3-2z"
                  fill-rule="evenodd"
                />
              </svg>
              <div
                class="text-inline"
              >
                <div
                  class="text-inline nowrap"
                >
                  <u>
                    ve
                  </u>
                  st
                </div>
                ,
                 
              </div>
              <div
                class="text-inline"
              >
                <div
                  class="text-inline nowrap"
                >
                  ha
                  <u>
                    ve
                  </u>
                </div>
                ,
                 
              </div>
              <div
                class="text-inline"
              >
                <div
                  class="text-inline nowrap"
                >
                  glo
                  <u>
                    ve
                  </u>
                </div>
                ,
                 
              </div>
              <div
                class="text-inline"
              >
                <div
                  class="text-inline nowrap"
                >
                  wi
                  <u>
                    ve
                  </u>
                  s
                </div>
                ,
                 
              </div>
              <div
                class="text-inline nowrap"
              >
                wa
                <u>
                  ve
                </u>
              </div>
            </td>
          </tr>
          <tr>
            <td>
              <svg
                class="play-icon"
                fill="currentColor"
                height="1em"
                stroke="currentColor"
                stroke-width="0"
                viewBox="0 0 20 20"
                width="1em"
                xmlns="http://www.w3.org/2000/svg"
              >
                <path
                  clip-rule="evenodd"
                  d="M10 18a8 8 0 100-16 8 8 0 000 16zM9.555 7.168A1 1 0 008 8v4a1 1 0 001.555.832l3-2a1 1 0 000-1.664l-3-2z"
                  fill-rule="evenodd"
                />
              </svg>
              /θ/
            </td>
            <td>
              th
            </td>
            <td>
              <svg
                class="play-icon"
                fill="currentColor"
                height="1em"
                stroke="currentColor"
                stroke-width="0"
                viewBox="0 0 20 20"
                width="1em"
                xmlns="http://www.w3.org/2000/svg"
              >
                <path
                  clip-rule="evenodd"
                  d="M10 18a8 8 0 100-16 8 8 0 000 16zM9.555 7.168A1 1 0 008 8v4a1 1 0 001.555.832l3-2a1 1 0 000-1.664l-3-2z"
                  fill-rule="evenodd"
                />
              </svg>
              <div
                class="text-inline"
              >
                <div
                  class="text-inline nowrap"
                >
                  <u>
                    Th
                  </u>
                  ursday
                </div>
                ,
                 
              </div>
              <div
                class="text-inline"
              >
                <div
                  class="text-inline nowrap"
                >
                  <u>
                    th
                  </u>
                  ank
                </div>
                ,
                 
              </div>
              <div
                class="text-inline"
              >
                <div
                  class="text-inline nowrap"
                >
                  ba
                  <u>
                    th
                  </u>
                </div>
                ,
                 
              </div>
              <div
                class="text-inline"
              >
                <div
                  class="text-inline nowrap"
                >
                  no
                  <u>
                    th
                  </u>
                  ing
                </div>
                ,
                 
              </div>
              <div
                class="text-inline nowrap"
              >
                bo
                <u>
                  th
                </u>
              </div>
            </td>
          </tr>
          <tr>
            <td>
              <svg
                class="play-icon"
                fill="currentColor"
                height="1em"
                stroke="currentColor"
                stroke-width="0"
                viewBox="0 0 20 20"
                width="1em"
                xmlns="http://www.w3.org/2000/svg"
              >
                <path
                  clip-rule="evenodd"
                  d="M10 18a8 8 0 100-16 8 8 0 000 16zM9.555 7.168A1 1 0 008 8v4a1 1 0 001.555.832l3-2a1 1 0 000-1.664l-3-2z"
                  fill-rule="evenodd"
                />
              </svg>
              /ð/
            </td>
            <td>
              th, the
            </td>
            <td>
              <svg
                class="play-icon"
                fill="currentColor"
                height="1em"
                stroke="currentColor"
                stroke-width="0"
                viewBox="0 0 20 20"
                width="1em"
                xmlns="http://www.w3.org/2000/svg"
              >
                <path
                  clip-rule="evenodd"
                  d="M10 18a8 8 0 100-16 8 8 0 000 16zM9.555 7.168A1 1 0 008 8v4a1 1 0 001.555.832l3-2a1 1 0 000-1.664l-3-2z"
                  fill-rule="evenodd"
                />
              </svg>
              <div
                class="text-inline"
              >
                <div
                  class="text-inline nowrap"
                >
                  wi
                  <u>
                    th
                  </u>
                </div>
                ,
                 
              </div>
              <div
                class="text-inline"
              >
                <div
                  class="text-inline nowrap"
                >
                  mo
                  <u>
                    th
                  </u>
                  er
                </div>
                ,
                 
              </div>
              <div
                class="text-inline"
              >
                <div
                  class="text-inline nowrap"
                >
                  <u>
                    th
                  </u>
                  ose
                </div>
                ,
                 
              </div>
              <div
                class="text-inline"
              >
                <div
                  class="text-inline nowrap"
                >
                  ga
                  <u>
                    th
                  </u>
                  er
                </div>
                ,
                 
              </div>
              <div
                class="text-inline nowrap"
              >
                fur
                <u>
                  th
                </u>
                er
              </div>
            </td>
          </tr>
          <tr>
            <td>
              <svg
                class="play-icon"
                fill="currentColor"
                height="1em"
                stroke="currentColor"
                stroke-width="0"
                viewBox="0 0 20 20"
                width="1em"
                xmlns="http://www.w3.org/2000/svg"
              >
                <path
                  clip-rule="evenodd"
                  d="M10 18a8 8 0 100-16 8 8 0 000 16zM9.555 7.168A1 1 0 008 8v4a1 1 0 001.555.832l3-2a1 1 0 000-1.664l-3-2z"
                  fill-rule="evenodd"
                />
              </svg>
              /s/
            </td>
            <td>
              s, ss,  ps, c, sc, ce, se
            </td>
            <td>
              <svg
                class="play-icon"
                fill="currentColor"
                height="1em"
                stroke="currentColor"
                stroke-width="0"
                viewBox="0 0 20 20"
                width="1em"
                xmlns="http://www.w3.org/2000/svg"
              >
                <path
                  clip-rule="evenodd"
                  d="M10 18a8 8 0 100-16 8 8 0 000 16zM9.555 7.168A1 1 0 008 8v4a1 1 0 001.555.832l3-2a1 1 0 000-1.664l-3-2z"
                  fill-rule="evenodd"
                />
              </svg>
              <div
                class="text-inline"
              >
                <div
                  class="text-inline nowrap"
                >
                  ki
                  <u>
                    ss
                  </u>
                </div>
                ,
                 
              </div>
              <div
                class="text-inline"
              >
                <div
                  class="text-inline nowrap"
                >
                  <u>
                    ps
                  </u>
                  ychology
                </div>
                ,
                 
              </div>
              <div
                class="text-inline"
              >
                <div
                  class="text-inline nowrap"
                >
                  ri
                  <u>
                    ce
                  </u>
                </div>
                ,
                 
              </div>
              <div
                class="text-inline"
              >
                <div
                  class="text-inline nowrap"
                >
                  <u>
                    c
                  </u>
                  ircle
                </div>
                ,
                 
              </div>
              <div
                class="text-inline nowrap"
              >
                pea
                <u>
                  ce
                </u>
              </div>
            </td>
          </tr>
          <tr>
            <td>
              <svg
                class="play-icon"
                fill="currentColor"
                height="1em"
                stroke="currentColor"
                stroke-width="0"
                viewBox="0 0 20 20"
                width="1em"
                xmlns="http://www.w3.org/2000/svg"
              >
                <path
                  clip-rule="evenodd"
                  d="M10 18a8 8 0 100-16 8 8 0 000 16zM9.555 7.168A1 1 0 008 8v4a1 1 0 001.555.832l3-2a1 1 0 000-1.664l-3-2z"
                  fill-rule="evenodd"
                />
              </svg>
              /z/
            </td>
            <td>
              z, zz, se, ss
            </td>
            <td>
              <svg
                class="play-icon"
                fill="currentColor"
                height="1em"
                stroke="currentColor"
                stroke-width="0"
                viewBox="0 0 20 20"
                width="1em"
                xmlns="http://www.w3.org/2000/svg"
              >
                <path
                  clip-rule="evenodd"
                  d="M10 18a8 8 0 100-16 8 8 0 000 16zM9.555 7.168A1 1 0 008 8v4a1 1 0 001.555.832l3-2a1 1 0 000-1.664l-3-2z"
                  fill-rule="evenodd"
                />
              </svg>
              <div
                class="text-inline"
              >
                <div
                  class="text-inline nowrap"
                >
                  <u>
                    z
                  </u>
                  oo
                </div>
                ,
                 
              </div>
              <div
                class="text-inline"
              >
                <div
                  class="text-inline nowrap"
                >
                  ja
                  <u>
                    zz
                  </u>
                </div>
                ,
                 
              </div>
              <div
                class="text-inline"
              >
                <div
                  class="text-inline nowrap"
                >
                  sci
                  <u>
                    ss
                  </u>
                  or
                </div>
                ,
                 
              </div>
              <div
                class="text-inline"
              >
                <div
                  class="text-inline nowrap"
                >
                  la
                  <u>
                    z
                  </u>
                  y
                </div>
                ,
                 
              </div>
              <div
                class="text-inline nowrap"
              >
                qui
                <u>
                  zz
                </u>
                es
              </div>
            </td>
          </tr>
          <tr>
            <td>
              <svg
                class="play-icon"
                fill="currentColor"
                height="1em"
                stroke="currentColor"
                stroke-width="0"
                viewBox="0 0 20 20"
                width="1em"
                xmlns="http://www.w3.org/2000/svg"
              >
                <path
                  clip-rule="evenodd"
                  d="M10 18a8 8 0 100-16 8 8 0 000 16zM9.555 7.168A1 1 0 008 8v4a1 1 0 001.555.832l3-2a1 1 0 000-1.664l-3-2z"
                  fill-rule="evenodd"
                />
              </svg>
              /ʃ/
            </td>
            <td>
              sh, ti, ss, ch, tion, sion
            </td>
            <td>
              <svg
                class="play-icon"
                fill="currentColor"
                height="1em"
                stroke="currentColor"
                stroke-width="0"
                viewBox="0 0 20 20"
                width="1em"
                xmlns="http://www.w3.org/2000/svg"
              >
                <path
                  clip-rule="evenodd"
                  d="M10 18a8 8 0 100-16 8 8 0 000 16zM9.555 7.168A1 1 0 008 8v4a1 1 0 001.555.832l3-2a1 1 0 000-1.664l-3-2z"
                  fill-rule="evenodd"
                />
              </svg>
              <div
                class="text-inline"
              >
                <div
                  class="text-inline nowrap"
                >
                  <u>
                    sh
                  </u>
                  are
                </div>
                ,
                 
              </div>
              <div
                class="text-inline"
              >
                <div
                  class="text-inline nowrap"
                >
                  mo
                  <u>
                    tion
                  </u>
                </div>
                ,
                 
              </div>
              <div
                class="text-inline"
              >
                <div
                  class="text-inline nowrap"
                >
                  pa
                  <u>
                    ssion
                  </u>
                </div>
                ,
                 
              </div>
              <div
                class="text-inline"
              >
                <div
                  class="text-inline nowrap"
                >
                  ten
                  <u>
                    sion
                  </u>
                </div>
                ,
                 
              </div>
              <div
                class="text-inline nowrap"
              >
                Engli
                <u>
                  sh
                </u>
              </div>
            </td>
          </tr>
          <tr>
            <td>
              <svg
                class="play-icon"
                fill="currentColor"
                height="1em"
                stroke="currentColor"
                stroke-width="0"
                viewBox="0 0 20 20"
                width="1em"
                xmlns="http://www.w3.org/2000/svg"
              >
                <path
                  clip-rule="evenodd"
                  d="M10 18a8 8 0 100-16 8 8 0 000 16zM9.555 7.168A1 1 0 008 8v4a1 1 0 001.555.832l3-2a1 1 0 000-1.664l-3-2z"
                  fill-rule="evenodd"
                />
              </svg>
              /ʒ/
            </td>
            <td>
              s, ge, sion, sure
            </td>
            <td>
              <svg
                class="play-icon"
                fill="currentColor"
                height="1em"
                stroke="currentColor"
                stroke-width="0"
                viewBox="0 0 20 20"
                width="1em"
                xmlns="http://www.w3.org/2000/svg"
              >
                <path
                  clip-rule="evenodd"
                  d="M10 18a8 8 0 100-16 8 8 0 000 16zM9.555 7.168A1 1 0 008 8v4a1 1 0 001.555.832l3-2a1 1 0 000-1.664l-3-2z"
                  fill-rule="evenodd"
                />
              </svg>
              <div
                class="text-inline"
              >
                <div
                  class="text-inline nowrap"
                >
                  A
                  <u>
                    s
                  </u>
                  ia
                </div>
                ,
                 
              </div>
              <div
                class="text-inline"
              >
                <div
                  class="text-inline nowrap"
                >
                  ca
                  <u>
                    s
                  </u>
                  ual
                </div>
                ,
                 
              </div>
              <div
                class="text-inline"
              >
                <div
                  class="text-inline nowrap"
                >
                  bei
                  <u>
                    ge
                  </u>
                </div>
                ,
                 
              </div>
              <div
                class="text-inline"
              >
                <div
                  class="text-inline nowrap"
                >
                  vi
                  <u>
                    sion
                  </u>
                </div>
                ,
                 
              </div>
              <div
                class="text-inline nowrap"
              >
                mea
                <u>
                  sure
                </u>
              </div>
            </td>
          </tr>
          <tr>
            <td>
              <svg
                class="play-icon"
                fill="currentColor"
                height="1em"
                stroke="currentColor"
                stroke-width="0"
                viewBox="0 0 20 20"
                width="1em"
                xmlns="http://www.w3.org/2000/svg"
              >
                <path
                  clip-rule="evenodd"
                  d="M10 18a8 8 0 100-16 8 8 0 000 16zM9.555 7.168A1 1 0 008 8v4a1 1 0 001.555.832l3-2a1 1 0 000-1.664l-3-2z"
                  fill-rule="evenodd"
                />
              </svg>
              /m/
            </td>
            <td>
              m, mm, mb, me, mn
            </td>
            <td>
              <svg
                class="play-icon"
                fill="currentColor"
                height="1em"
                stroke="currentColor"
                stroke-width="0"
                viewBox="0 0 20 20"
                width="1em"
                xmlns="http://www.w3.org/2000/svg"
              >
                <path
                  clip-rule="evenodd"
                  d="M10 18a8 8 0 100-16 8 8 0 000 16zM9.555 7.168A1 1 0 008 8v4a1 1 0 001.555.832l3-2a1 1 0 000-1.664l-3-2z"
                  fill-rule="evenodd"
                />
              </svg>
              <div
                class="text-inline"
              >
                <div
                  class="text-inline nowrap"
                >
                  <u>
                    m
                  </u>
                  o
                  <u>
                    m
                  </u>
                </div>
                ,
                 
              </div>
              <div
                class="text-inline"
              >
                <div
                  class="text-inline nowrap"
                >
                  gra
                  <u>
                    mm
                  </u>
                  ar
                </div>
                ,
                 
              </div>
              <div
                class="text-inline"
              >
                <div
                  class="text-inline nowrap"
                >
                  cli
                  <u>
                    mb
                  </u>
                </div>
                ,
                 
              </div>
              <div
                class="text-inline"
              >
                <div
                  class="text-inline nowrap"
                >
                  ga
                  <u>
                    me
                  </u>
                </div>
                ,
                 
              </div>
              <div
                class="text-inline nowrap"
              >
                autu
                <u>
                  mn
                </u>
              </div>
            </td>
          </tr>
          <tr>
            <td>
              <svg
                class="play-icon"
                fill="currentColor"
                height="1em"
                stroke="currentColor"
                stroke-width="0"
                viewBox="0 0 20 20"
                width="1em"
                xmlns="http://www.w3.org/2000/svg"
              >
                <path
                  clip-rule="evenodd"
                  d="M10 18a8 8 0 100-16 8 8 0 000 16zM9.555 7.168A1 1 0 008 8v4a1 1 0 001.555.832l3-2a1 1 0 000-1.664l-3-2z"
                  fill-rule="evenodd"
                />
              </svg>
              /n/
            </td>
            <td>
              n, ne, nn, kn, pn, gn
            </td>
            <td>
              <svg
                class="play-icon"
                fill="currentColor"
                height="1em"
                stroke="currentColor"
                stroke-width="0"
                viewBox="0 0 20 20"
                width="1em"
                xmlns="http://www.w3.org/2000/svg"
              >
                <path
                  clip-rule="evenodd"
                  d="M10 18a8 8 0 100-16 8 8 0 000 16zM9.555 7.168A1 1 0 008 8v4a1 1 0 001.555.832l3-2a1 1 0 000-1.664l-3-2z"
                  fill-rule="evenodd"
                />
              </svg>
              <div
                class="text-inline"
              >
                <div
                  class="text-inline nowrap"
                >
                  <u>
                    n
                  </u>
                  i
                  <u>
                    ne
                  </u>
                </div>
                ,
                 
              </div>
              <div
                class="text-inline"
              >
                <div
                  class="text-inline nowrap"
                >
                  co
                  <u>
                    nn
                  </u>
                  ect
                </div>
                ,
                 
              </div>
              <div
                class="text-inline"
              >
                <div
                  class="text-inline nowrap"
                >
                  <u>
                    kn
                  </u>
                  ife
                </div>
                ,
                 
              </div>
              <div
                class="text-inline"
              >
                <div
                  class="text-inline nowrap"
                >
                  <u>
                    pn
                  </u>
                  eumonia
                </div>
                ,
                 
              </div>
              <div
                class="text-inline nowrap"
              >
                <u>
                  gn
                </u>
                aw
              </div>
            </td>
          </tr>
          <tr>
            <td>
              <svg
                class="play-icon"
                fill="currentColor"
                height="1em"
                stroke="currentColor"
                stroke-width="0"
                viewBox="0 0 20 20"
                width="1em"
                xmlns="http://www.w3.org/2000/svg"
              >
                <path
                  clip-rule="evenodd"
                  d="M10 18a8 8 0 100-16 8 8 0 000 16zM9.555 7.168A1 1 0 008 8v4a1 1 0 001.555.832l3-2a1 1 0 000-1.664l-3-2z"
                  fill-rule="evenodd"
                />
              </svg>
              /ŋ/
            </td>
            <td>
              ng, n
            </td>
            <td>
              <svg
                class="play-icon"
                fill="currentColor"
                height="1em"
                stroke="currentColor"
                stroke-width="0"
                viewBox="0 0 20 20"
                width="1em"
                xmlns="http://www.w3.org/2000/svg"
              >
                <path
                  clip-rule="evenodd"
                  d="M10 18a8 8 0 100-16 8 8 0 000 16zM9.555 7.168A1 1 0 008 8v4a1 1 0 001.555.832l3-2a1 1 0 000-1.664l-3-2z"
                  fill-rule="evenodd"
                />
              </svg>
              <div
                class="text-inline"
              >
                <div
                  class="text-inline nowrap"
                >
                  si
                  <u>
                    ng
                  </u>
                </div>
                ,
                 
              </div>
              <div
                class="text-inline"
              >
                <div
                  class="text-inline nowrap"
                >
                  ba
                  <u>
                    n
                  </u>
                  k
                </div>
                ,
                 
              </div>
              <div
                class="text-inline"
              >
                <div
                  class="text-inline nowrap"
                >
                  a
                  <u>
                    ng
                  </u>
                  ry
                </div>
                ,
                 
              </div>
              <div
                class="text-inline"
              >
                <div
                  class="text-inline nowrap"
                >
                  dri
                  <u>
                    n
                  </u>
                  k
                </div>
                ,
                 
              </div>
              <div
                class="text-inline nowrap"
              >
                ju
                <u>
                  n
                </u>
                gle
              </div>
            </td>
          </tr>
          <tr>
            <td>
              <svg
                class="play-icon"
                fill="currentColor"
                height="1em"
                stroke="currentColor"
                stroke-width="0"
                viewBox="0 0 20 20"
                width="1em"
                xmlns="http://www.w3.org/2000/svg"
              >
                <path
                  clip-rule="evenodd"
                  d="M10 18a8 8 0 100-16 8 8 0 000 16zM9.555 7.168A1 1 0 008 8v4a1 1 0 001.555.832l3-2a1 1 0 000-1.664l-3-2z"
                  fill-rule="evenodd"
                />
              </svg>
              /j/
            </td>
            <td>
              y, io, u
            </td>
            <td>
              <svg
                class="play-icon"
                fill="currentColor"
                height="1em"
                stroke="currentColor"
                stroke-width="0"
                viewBox="0 0 20 20"
                width="1em"
                xmlns="http://www.w3.org/2000/svg"
              >
                <path
                  clip-rule="evenodd"
                  d="M10 18a8 8 0 100-16 8 8 0 000 16zM9.555 7.168A1 1 0 008 8v4a1 1 0 001.555.832l3-2a1 1 0 000-1.664l-3-2z"
                  fill-rule="evenodd"
                />
              </svg>
              <div
                class="text-inline"
              >
                <div
                  class="text-inline nowrap"
                >
                  <u>
                    y
                  </u>
                  oung
                </div>
                ,
                 
              </div>
              <div
                class="text-inline"
              >
                <div
                  class="text-inline nowrap"
                >
                  on
                  <u>
                    io
                  </u>
                  n
                </div>
                ,
                 
              </div>
              <div
                class="text-inline"
              >
                <div
                  class="text-inline nowrap"
                >
                  opin
                  <u>
                    io
                  </u>
                  n
                </div>
                ,
                 
              </div>
              <div
                class="text-inline"
              >
                <div
                  class="text-inline nowrap"
                >
                  <u>
                    y
                  </u>
                  es
                </div>
                ,
                 
              </div>
              <div
                class="text-inline nowrap"
              >
                <u>
                  u
                </u>
                se
              </div>
            </td>
          </tr>
          <tr>
            <td>
              <svg
                class="play-icon"
                fill="currentColor"
                height="1em"
                stroke="currentColor"
                stroke-width="0"
                viewBox="0 0 20 20"
                width="1em"
                xmlns="http://www.w3.org/2000/svg"
              >
                <path
                  clip-rule="evenodd"
                  d="M10 18a8 8 0 100-16 8 8 0 000 16zM9.555 7.168A1 1 0 008 8v4a1 1 0 001.555.832l3-2a1 1 0 000-1.664l-3-2z"
                  fill-rule="evenodd"
                />
              </svg>
              /l/
            </td>
            <td>
              l, ll, le
            </td>
            <td>
              <svg
                class="play-icon"
                fill="currentColor"
                height="1em"
                stroke="currentColor"
                stroke-width="0"
                viewBox="0 0 20 20"
                width="1em"
                xmlns="http://www.w3.org/2000/svg"
              >
                <path
                  clip-rule="evenodd"
                  d="M10 18a8 8 0 100-16 8 8 0 000 16zM9.555 7.168A1 1 0 008 8v4a1 1 0 001.555.832l3-2a1 1 0 000-1.664l-3-2z"
                  fill-rule="evenodd"
                />
              </svg>
              <div
                class="text-inline"
              >
                <div
                  class="text-inline nowrap"
                >
                  <u>
                    l
                  </u>
                  ong
                </div>
                ,
                 
              </div>
              <div
                class="text-inline"
              >
                <div
                  class="text-inline nowrap"
                >
                  pi
                  <u>
                    ll
                  </u>
                </div>
                ,
                 
              </div>
              <div
                class="text-inline"
              >
                <div
                  class="text-inline nowrap"
                >
                  tab
                  <u>
                    le
                  </u>
                </div>
                ,
                 
              </div>
              <div
                class="text-inline"
              >
                <div
                  class="text-inline nowrap"
                >
                  <u>
                    l
                  </u>
                  ike
                  <u>
                    l
                  </u>
                  y
                </div>
                ,
                 
              </div>
              <div
                class="text-inline nowrap"
              >
                <u>
                  l
                </u>
                amp
              </div>
            </td>
          </tr>
          <tr>
            <td>
              <svg
                class="play-icon"
                fill="currentColor"
                height="1em"
                stroke="currentColor"
                stroke-width="0"
                viewBox="0 0 20 20"
                width="1em"
                xmlns="http://www.w3.org/2000/svg"
              >
                <path
                  clip-rule="evenodd"
                  d="M10 18a8 8 0 100-16 8 8 0 000 16zM9.555 7.168A1 1 0 008 8v4a1 1 0 001.555.832l3-2a1 1 0 000-1.664l-3-2z"
                  fill-rule="evenodd"
                />
              </svg>
              /r/
            </td>
            <td>
              r, rr, wr, rh
            </td>
            <td>
              <svg
                class="play-icon"
                fill="currentColor"
                height="1em"
                stroke="currentColor"
                stroke-width="0"
                viewBox="0 0 20 20"
                width="1em"
                xmlns="http://www.w3.org/2000/svg"
              >
                <path
                  clip-rule="evenodd"
                  d="M10 18a8 8 0 100-16 8 8 0 000 16zM9.555 7.168A1 1 0 008 8v4a1 1 0 001.555.832l3-2a1 1 0 000-1.664l-3-2z"
                  fill-rule="evenodd"
                />
              </svg>
              <div
                class="text-inline"
              >
                <div
                  class="text-inline nowrap"
                >
                  <u>
                    r
                  </u>
                  est
                </div>
                ,
                 
              </div>
              <div
                class="text-inline"
              >
                <div
                  class="text-inline nowrap"
                >
                  bo
                  <u>
                    rr
                  </u>
                  ow
                </div>
                ,
                 
              </div>
              <div
                class="text-inline"
              >
                <div
                  class="text-inline nowrap"
                >
                  <u>
                    rh
                  </u>
                  ythm
                </div>
                ,
                 
              </div>
              <div
                class="text-inline"
              >
                <div
                  class="text-inline nowrap"
                >
                  <u>
                    wr
                  </u>
                  ite
                </div>
                ,
                 
              </div>
              <div
                class="text-inline nowrap"
              >
                <u>
                  wr
                </u>
                ap
              </div>
            </td>
          </tr>
          <tr>
            <td>
              <svg
                class="play-icon"
                fill="currentColor"
                height="1em"
                stroke="currentColor"
                stroke-width="0"
                viewBox="0 0 20 20"
                width="1em"
                xmlns="http://www.w3.org/2000/svg"
              >
                <path
                  clip-rule="evenodd"
                  d="M10 18a8 8 0 100-16 8 8 0 000 16zM9.555 7.168A1 1 0 008 8v4a1 1 0 001.555.832l3-2a1 1 0 000-1.664l-3-2z"
                  fill-rule="evenodd"
                />
              </svg>
              /w/
            </td>
            <td>
              w, wh, u, o
            </td>
            <td>
              <svg
                class="play-icon"
                fill="currentColor"
                height="1em"
                stroke="currentColor"
                stroke-width="0"
                viewBox="0 0 20 20"
                width="1em"
                xmlns="http://www.w3.org/2000/svg"
              >
                <path
                  clip-rule="evenodd"
                  d="M10 18a8 8 0 100-16 8 8 0 000 16zM9.555 7.168A1 1 0 008 8v4a1 1 0 001.555.832l3-2a1 1 0 000-1.664l-3-2z"
                  fill-rule="evenodd"
                />
              </svg>
              <div
                class="text-inline"
              >
                <div
                  class="text-inline nowrap"
                >
                  <u>
                    w
                  </u>
                  est
                </div>
                ,
                 
              </div>
              <div
                class="text-inline"
              >
                <div
                  class="text-inline nowrap"
                >
                  <u>
                    wh
                  </u>
                  en
                </div>
                ,
                 
              </div>
              <div
                class="text-inline"
              >
                <div
                  class="text-inline nowrap"
                >
                  q
                  <u>
                    u
                  </u>
                  iet
                </div>
                ,
                 
              </div>
              <div
                class="text-inline"
              >
                <div
                  class="text-inline nowrap"
                >
                  <u>
                    o
                  </u>
                  ne
                </div>
                ,
                 
              </div>
              <div
                class="text-inline nowrap"
              >
                <u>
                  wh
                </u>
                ale
              </div>
            </td>
          </tr>
          <tr>
            <td>
              <svg
                class="play-icon"
                fill="currentColor"
                height="1em"
                stroke="currentColor"
                stroke-width="0"
                viewBox="0 0 20 20"
                width="1em"
                xmlns="http://www.w3.org/2000/svg"
              >
                <path
                  clip-rule="evenodd"
                  d="M10 18a8 8 0 100-16 8 8 0 000 16zM9.555 7.168A1 1 0 008 8v4a1 1 0 001.555.832l3-2a1 1 0 000-1.664l-3-2z"
                  fill-rule="evenodd"
                />
              </svg>
              /h/
            </td>
            <td>
              h, wh
            </td>
            <td>
              <svg
                class="play-icon"
                fill="currentColor"
                height="1em"
                stroke="currentColor"
                stroke-width="0"
                viewBox="0 0 20 20"
                width="1em"
                xmlns="http://www.w3.org/2000/svg"
              >
                <path
                  clip-rule="evenodd"
                  d="M10 18a8 8 0 100-16 8 8 0 000 16zM9.555 7.168A1 1 0 008 8v4a1 1 0 001.555.832l3-2a1 1 0 000-1.664l-3-2z"
                  fill-rule="evenodd"
                />
              </svg>
              <div
                class="text-inline"
              >
                <div
                  class="text-inline nowrap"
                >
                  <u>
                    h
                  </u>
                  ome
                </div>
                ,
                 
              </div>
              <div
                class="text-inline"
              >
                <div
                  class="text-inline nowrap"
                >
                  <u>
                    wh
                  </u>
                  ole
                </div>
                ,
                 
              </div>
              <div
                class="text-inline"
              >
                <div
                  class="text-inline nowrap"
                >
                  <u>
                    wh
                  </u>
                  o
                </div>
                ,
                 
              </div>
              <div
                class="text-inline"
              >
                <div
                  class="text-inline nowrap"
                >
                  <u>
                    h
                  </u>
                  air
                </div>
                ,
                 
              </div>
              <div
                class="text-inline nowrap"
              >
                a
                <u>
                  h
                </u>
                ead
              </div>
            </td>
          </tr>
        </tbody>
      </table>
      <div>
        Test yourself to see how well you know the phonemes
      </div>
      <ul>
        <li>
          <a
            class="clickable-page"
            href="#quiz"
          >
            Odd Phoneme Out
          </a>
        </li>
        <li>
          <a
            class="clickable-page"
            href="#quiz"
          >
            Phonetic Spelling
          </a>
        </li>
      </ul>
    </div>
  </div>
</div>
`;
